=== TEST RESULTS - 2026-06-22 ===

TEST 1 - Browser IAB (node_repl MCP):
STATUS: FAILED
ERROR (verbatim):
IAB ERROR: Browser is not available: iab

---

TEST 2 - SearXNG MCP (mcp__searxng__searxng_web_search):
STATUS: SUCCESS
Full response (verbatim):
Suggestions: hello world program, hello world anime, hello world school, hello world movie, hello world meaning, hello world download, hello world - song, hello world book

Infobox: Hello World
2024 album by Pinguini Tattici Nucleari
Wikipedia (en): https://en.wikipedia.org/wiki/Hello_World_(Pinguini_Tattici_Nucleari_album)
MusicBrainz: http://musicbrainz.org/release-group/cb7c7c16-01f9-4fb8-a104-aae92da53564
Wikidata: http://www.wikidata.org/entity/Q131394082

---

Title: Hello, world - Wikipedia
Description: A " Hello, world " program is usually a simple computer program that displays on the screen (often the console) a message similar to "Hello, world". A small piece of code in most general-purpose programming languages, this program is used to illustrate a language's basic syntax. Such a program is often the first written by a student of a new programming language, [1] but it can also be used as ...
URL: https://en.wikipedia.org/wiki/Hello,_world
Relevance Score: 17.727
